Component: ARM Compiler 5.06 update 7 (build 960) Tool: armlink [4d3601]

==============================================================================

Section Cross References

    startup_stm32f030x6.o(RESET) refers to startup_stm32f030x6.o(STACK) for __initial_sp
    startup_stm32f030x6.o(RESET) refers to startup_stm32f030x6.o(.text) for Reset_Handler
    startup_stm32f030x6.o(RESET) refers to stm32f0xx_it.o(i.NMI_Handler) for NMI_Handler
    startup_stm32f030x6.o(RESET) refers to stm32f0xx_it.o(i.HardFault_Handler) for HardFault_Handler
    startup_stm32f030x6.o(RESET) refers to stm32f0xx_it.o(i.SVC_Handler) for SVC_Handler
    startup_stm32f030x6.o(RESET) refers to stm32f0xx_it.o(i.PendSV_Handler) for PendSV_Handler
    startup_stm32f030x6.o(RESET) refers to stm32f0xx_it.o(i.SysTick_Handler) for SysTick_Handler
    startup_stm32f030x6.o(.text) refers to system_stm32f0xx.o(i.SystemInit) for SystemInit
    startup_stm32f030x6.o(.text) refers to entry.o(.ARM.Collect$$$$00000000) for __main
    main.o(i.MX_ADC_Init) refers to memseta.o(.text) for __aeabi_memclr4
    main.o(i.MX_ADC_Init) refers to main.o(i.LL_APB1_GRP2_EnableClock) for LL_APB1_GRP2_EnableClock
    main.o(i.MX_ADC_Init) refers to main.o(i.LL_AHB1_GRP1_EnableClock) for LL_AHB1_GRP1_EnableClock
    main.o(i.MX_ADC_Init) refers to stm32f0xx_ll_gpio.o(i.LL_GPIO_Init) for LL_GPIO_Init
    main.o(i.MX_ADC_Init) refers to stm32f0xx_ll_adc.o(i.LL_ADC_Init) for LL_ADC_Init
    main.o(i.MX_ADC_Init) refers to stm32f0xx_ll_adc.o(i.LL_ADC_REG_Init) for LL_ADC_REG_Init
    main.o(i.MX_I2C1_Init) refers to memseta.o(.text) for __aeabi_memclr4
    main.o(i.MX_I2C1_Init) refers to main.o(i.LL_AHB1_GRP1_EnableClock) for LL_AHB1_GRP1_EnableClock
    main.o(i.MX_I2C1_Init) refers to stm32f0xx_ll_gpio.o(i.LL_GPIO_Init) for LL_GPIO_Init
    main.o(i.MX_I2C1_Init) refers to main.o(i.LL_APB1_GRP1_EnableClock) for LL_APB1_GRP1_EnableClock
    main.o(i.MX_I2C1_Init) refers to stm32f0xx_ll_i2c.o(i.LL_I2C_Init) for LL_I2C_Init
    main.o(i.MX_TIM14_Init) refers to memseta.o(.text) for __aeabi_memclr4
    main.o(i.MX_TIM14_Init) refers to main.o(i.LL_APB1_GRP1_EnableClock) for LL_APB1_GRP1_EnableClock
    main.o(i.MX_TIM14_Init) refers to stm32f0xx_ll_tim.o(i.LL_TIM_Init) for LL_TIM_Init
    main.o(i.MX_TIM14_Init) refers to stm32f0xx_ll_tim.o(i.LL_TIM_OC_Init) for LL_TIM_OC_Init
    main.o(i.MX_TIM14_Init) refers to main.o(i.LL_AHB1_GRP1_EnableClock) for LL_AHB1_GRP1_EnableClock
    main.o(i.MX_TIM14_Init) refers to stm32f0xx_ll_gpio.o(i.LL_GPIO_Init) for LL_GPIO_Init
    main.o(i.MX_TIM14_Init) refers to main.o(.constdata) for .constdata
    main.o(i.SystemClock_Config) refers to stm32f0xx_ll_utils.o(i.LL_Init1msTick) for LL_Init1msTick
    main.o(i.SystemClock_Config) refers to stm32f0xx_ll_utils.o(i.LL_SetSystemCoreClock) for LL_SetSystemCoreClock
    main.o(i.main) refers to main.o(i.LL_APB1_GRP2_EnableClock) for LL_APB1_GRP2_EnableClock
    main.o(i.main) refers to main.o(i.LL_APB1_GRP1_EnableClock) for LL_APB1_GRP1_EnableClock
    main.o(i.main) refers to main.o(i.SystemClock_Config) for SystemClock_Config
    main.o(i.main) refers to main.o(i.LL_AHB1_GRP1_EnableClock) for LL_AHB1_GRP1_EnableClock
    main.o(i.main) refers to main.o(i.MX_ADC_Init) for MX_ADC_Init
    main.o(i.main) refers to main.o(i.MX_I2C1_Init) for MX_I2C1_Init
    main.o(i.main) refers to main.o(i.MX_TIM14_Init) for MX_TIM14_Init
    stm32f0xx_ll_gpio.o(i.LL_GPIO_DeInit) refers to stm32f0xx_ll_gpio.o(i.LL_AHB1_GRP1_ForceReset) for LL_AHB1_GRP1_ForceReset
    stm32f0xx_ll_gpio.o(i.LL_GPIO_DeInit) refers to stm32f0xx_ll_gpio.o(i.LL_AHB1_GRP1_ReleaseReset) for LL_AHB1_GRP1_ReleaseReset
    stm32f0xx_ll_dma.o(i.LL_DMA_Init) refers to stm32f0xx_ll_dma.o(.constdata) for .constdata
    stm32f0xx_ll_rcc.o(i.LL_RCC_GetI2CClockFreq) refers to stm32f0xx_ll_rcc.o(i.RCC_GetSystemClockFreq) for RCC_GetSystemClockFreq
    stm32f0xx_ll_rcc.o(i.LL_RCC_GetSystemClocksFreq) refers to stm32f0xx_ll_rcc.o(i.RCC_GetSystemClockFreq) for RCC_GetSystemClockFreq
    stm32f0xx_ll_rcc.o(i.LL_RCC_GetSystemClocksFreq) refers to stm32f0xx_ll_rcc.o(i.RCC_GetHCLKClockFreq) for RCC_GetHCLKClockFreq
    stm32f0xx_ll_rcc.o(i.LL_RCC_GetSystemClocksFreq) refers to stm32f0xx_ll_rcc.o(i.RCC_GetPCLK1ClockFreq) for RCC_GetPCLK1ClockFreq
    stm32f0xx_ll_rcc.o(i.LL_RCC_GetUSARTClockFreq) refers to stm32f0xx_ll_rcc.o(i.RCC_GetSystemClockFreq) for RCC_GetSystemClockFreq
    stm32f0xx_ll_rcc.o(i.LL_RCC_GetUSARTClockFreq) refers to stm32f0xx_ll_rcc.o(i.RCC_GetHCLKClockFreq) for RCC_GetHCLKClockFreq
    stm32f0xx_ll_rcc.o(i.LL_RCC_GetUSARTClockFreq) refers to stm32f0xx_ll_rcc.o(i.RCC_GetPCLK1ClockFreq) for RCC_GetPCLK1ClockFreq
    stm32f0xx_ll_rcc.o(i.RCC_GetHCLKClockFreq) refers to system_stm32f0xx.o(.constdata) for AHBPrescTable
    stm32f0xx_ll_rcc.o(i.RCC_GetPCLK1ClockFreq) refers to system_stm32f0xx.o(.constdata) for APBPrescTable
    stm32f0xx_ll_rcc.o(i.RCC_GetSystemClockFreq) refers to stm32f0xx_ll_rcc.o(i.RCC_PLL_GetFreqDomain_SYS) for RCC_PLL_GetFreqDomain_SYS
    stm32f0xx_ll_rcc.o(i.RCC_PLL_GetFreqDomain_SYS) refers to uidiv.o(.text) for __aeabi_uidivmod
    stm32f0xx_ll_utils.o(i.LL_Init1msTick) refers to uidiv.o(.text) for __aeabi_uidivmod
    stm32f0xx_ll_utils.o(i.LL_PLL_ConfigSystemClock_HSE) refers to stm32f0xx_ll_utils.o(i.UTILS_PLL_IsBusy) for UTILS_PLL_IsBusy
    stm32f0xx_ll_utils.o(i.LL_PLL_ConfigSystemClock_HSE) refers to stm32f0xx_ll_utils.o(i.UTILS_GetPLLOutputFrequency) for UTILS_GetPLLOutputFrequency
    stm32f0xx_ll_utils.o(i.LL_PLL_ConfigSystemClock_HSE) refers to stm32f0xx_ll_utils.o(i.LL_RCC_PLL_ConfigDomain_SYS) for LL_RCC_PLL_ConfigDomain_SYS
    stm32f0xx_ll_utils.o(i.LL_PLL_ConfigSystemClock_HSE) refers to stm32f0xx_ll_utils.o(i.UTILS_EnablePLLAndSwitchSystem) for UTILS_EnablePLLAndSwitchSystem
    stm32f0xx_ll_utils.o(i.LL_PLL_ConfigSystemClock_HSI) refers to stm32f0xx_ll_utils.o(i.UTILS_PLL_IsBusy) for UTILS_PLL_IsBusy
    stm32f0xx_ll_utils.o(i.LL_PLL_ConfigSystemClock_HSI) refers to stm32f0xx_ll_utils.o(i.UTILS_GetPLLOutputFrequency) for UTILS_GetPLLOutputFrequency
    stm32f0xx_ll_utils.o(i.LL_PLL_ConfigSystemClock_HSI) refers to stm32f0xx_ll_utils.o(i.LL_RCC_PLL_ConfigDomain_SYS) for LL_RCC_PLL_ConfigDomain_SYS
    stm32f0xx_ll_utils.o(i.LL_PLL_ConfigSystemClock_HSI) refers to stm32f0xx_ll_utils.o(i.UTILS_EnablePLLAndSwitchSystem) for UTILS_EnablePLLAndSwitchSystem
    stm32f0xx_ll_utils.o(i.LL_SetSystemCoreClock) refers to system_stm32f0xx.o(.data) for SystemCoreClock
    stm32f0xx_ll_utils.o(i.UTILS_EnablePLLAndSwitchSystem) refers to stm32f0xx_ll_utils.o(i.UTILS_SetFlashLatency) for UTILS_SetFlashLatency
    stm32f0xx_ll_utils.o(i.UTILS_EnablePLLAndSwitchSystem) refers to system_stm32f0xx.o(.constdata) for AHBPrescTable
    stm32f0xx_ll_utils.o(i.UTILS_EnablePLLAndSwitchSystem) refers to system_stm32f0xx.o(.data) for SystemCoreClock
    stm32f0xx_ll_utils.o(i.UTILS_GetPLLOutputFrequency) refers to uidiv.o(.text) for __aeabi_uidivmod
    stm32f0xx_ll_tim.o(i.LL_TIM_OC_Init) refers to stm32f0xx_ll_tim.o(i.OC1Config) for OC1Config
    stm32f0xx_ll_tim.o(i.LL_TIM_OC_Init) refers to stm32f0xx_ll_tim.o(i.OC2Config) for OC2Config
    stm32f0xx_ll_tim.o(i.LL_TIM_OC_Init) refers to stm32f0xx_ll_tim.o(i.OC3Config) for OC3Config
    system_stm32f0xx.o(i.SystemCoreClockUpdate) refers to uidiv.o(.text) for __aeabi_uidivmod
    system_stm32f0xx.o(i.SystemCoreClockUpdate) refers to system_stm32f0xx.o(.data) for .data
    system_stm32f0xx.o(i.SystemCoreClockUpdate) refers to system_stm32f0xx.o(.constdata) for .constdata
    entry.o(.ARM.Collect$$$$00000000) refers (Special) to entry10a.o(.ARM.Collect$$$$0000000F) for __rt_final_cpp
    entry.o(.ARM.Collect$$$$00000000) refers (Special) to entry11a.o(.ARM.Collect$$$$00000011) for __rt_final_exit
    entry.o(.ARM.Collect$$$$00000000) refers (Special) to entry12b.o(.ARM.Collect$$$$0000000E) for __rt_lib_shutdown_fini
    entry.o(.ARM.Collect$$$$00000000) refers (Special) to entry7b.o(.ARM.Collect$$$$00000008) for _main_clock
    entry.o(.ARM.Collect$$$$00000000) refers (Special) to entry8b.o(.ARM.Collect$$$$0000000A) for _main_cpp_init
    entry.o(.ARM.Collect$$$$00000000) refers (Special) to entry9a.o(.ARM.Collect$$$$0000000B) for _main_init
    entry.o(.ARM.Collect$$$$00000000) refers (Special) to entry5.o(.ARM.Collect$$$$00000004) for _main_scatterload
    entry.o(.ARM.Collect$$$$00000000) refers (Special) to entry2.o(.ARM.Collect$$$$00000001) for _main_stk
    entry2.o(.ARM.Collect$$$$00000001) refers to entry2.o(.ARM.Collect$$$$00002712) for __lit__00000000
    entry2.o(.ARM.Collect$$$$00002712) refers to startup_stm32f030x6.o(STACK) for __initial_sp
    entry2.o(__vectab_stack_and_reset_area) refers to startup_stm32f030x6.o(STACK) for __initial_sp
    entry2.o(__vectab_stack_and_reset_area) refers to entry.o(.ARM.Collect$$$$00000000) for __main
    entry5.o(.ARM.Collect$$$$00000004) refers to init.o(.text) for __scatterload
    entry9a.o(.ARM.Collect$$$$0000000B) refers to main.o(i.main) for main
    entry9b.o(.ARM.Collect$$$$0000000C) refers to main.o(i.main) for main
    init.o(.text) refers to entry5.o(.ARM.Collect$$$$00000004) for __main_after_scatterload


==============================================================================

Removing Unused input sections from the image.

    Removing startup_stm32f030x6.o(HEAP), (512 bytes).
    Removing main.o(.rev16_text), (4 bytes).
    Removing main.o(.revsh_text), (4 bytes).
    Removing main.o(i.Error_Handler), (2 bytes).
    Removing stm32f0xx_it.o(.rev16_text), (4 bytes).
    Removing stm32f0xx_it.o(.revsh_text), (4 bytes).
    Removing stm32f0xx_ll_gpio.o(.rev16_text), (4 bytes).
    Removing stm32f0xx_ll_gpio.o(.revsh_text), (4 bytes).
    Removing stm32f0xx_ll_gpio.o(i.LL_AHB1_GRP1_ForceReset), (16 bytes).
    Removing stm32f0xx_ll_gpio.o(i.LL_AHB1_GRP1_ReleaseReset), (16 bytes).
    Removing stm32f0xx_ll_gpio.o(i.LL_GPIO_DeInit), (96 bytes).
    Removing stm32f0xx_ll_gpio.o(i.LL_GPIO_StructInit), (24 bytes).
    Removing stm32f0xx_ll_adc.o(.rev16_text), (4 bytes).
    Removing stm32f0xx_ll_adc.o(.revsh_text), (4 bytes).
    Removing stm32f0xx_ll_adc.o(i.LL_ADC_CommonDeInit), (28 bytes).
    Removing stm32f0xx_ll_adc.o(i.LL_ADC_DeInit), (192 bytes).
    Removing stm32f0xx_ll_adc.o(i.LL_ADC_REG_StructInit), (18 bytes).
    Removing stm32f0xx_ll_adc.o(i.LL_ADC_StructInit), (16 bytes).
    Removing stm32f0xx_ll_dma.o(.rev16_text), (4 bytes).
    Removing stm32f0xx_ll_dma.o(.revsh_text), (4 bytes).
    Removing stm32f0xx_ll_dma.o(i.LL_DMA_DeInit), (124 bytes).
    Removing stm32f0xx_ll_dma.o(i.LL_DMA_Init), (92 bytes).
    Removing stm32f0xx_ll_dma.o(i.LL_DMA_StructInit), (24 bytes).
    Removing stm32f0xx_ll_dma.o(.constdata), (5 bytes).
    Removing stm32f0xx_ll_rcc.o(.rev16_text), (4 bytes).
    Removing stm32f0xx_ll_rcc.o(.revsh_text), (4 bytes).
    Removing stm32f0xx_ll_rcc.o(i.LL_RCC_DeInit), (144 bytes).
    Removing stm32f0xx_ll_rcc.o(i.LL_RCC_GetI2CClockFreq), (48 bytes).
    Removing stm32f0xx_ll_rcc.o(i.LL_RCC_GetSystemClocksFreq), (24 bytes).
    Removing stm32f0xx_ll_rcc.o(i.LL_RCC_GetUSARTClockFreq), (84 bytes).
    Removing stm32f0xx_ll_rcc.o(i.RCC_GetHCLKClockFreq), (28 bytes).
    Removing stm32f0xx_ll_rcc.o(i.RCC_GetPCLK1ClockFreq), (24 bytes).
    Removing stm32f0xx_ll_rcc.o(i.RCC_GetSystemClockFreq), (44 bytes).
    Removing stm32f0xx_ll_rcc.o(i.RCC_PLL_GetFreqDomain_SYS), (64 bytes).
    Removing stm32f0xx_ll_utils.o(.rev16_text), (4 bytes).
    Removing stm32f0xx_ll_utils.o(.revsh_text), (4 bytes).
    Removing stm32f0xx_ll_utils.o(i.LL_PLL_ConfigSystemClock_HSE), (104 bytes).
    Removing stm32f0xx_ll_utils.o(i.LL_PLL_ConfigSystemClock_HSI), (84 bytes).
    Removing stm32f0xx_ll_utils.o(i.LL_RCC_PLL_ConfigDomain_SYS), (44 bytes).
    Removing stm32f0xx_ll_utils.o(i.LL_mDelay), (32 bytes).
    Removing stm32f0xx_ll_utils.o(i.UTILS_EnablePLLAndSwitchSystem), (152 bytes).
    Removing stm32f0xx_ll_utils.o(i.UTILS_GetPLLOutputFrequency), (24 bytes).
    Removing stm32f0xx_ll_utils.o(i.UTILS_PLL_IsBusy), (20 bytes).
    Removing stm32f0xx_ll_utils.o(i.UTILS_SetFlashLatency), (52 bytes).
    Removing stm32f0xx_ll_exti.o(.rev16_text), (4 bytes).
    Removing stm32f0xx_ll_exti.o(.revsh_text), (4 bytes).
    Removing stm32f0xx_ll_exti.o(i.LL_EXTI_DeInit), (36 bytes).
    Removing stm32f0xx_ll_exti.o(i.LL_EXTI_Init), (160 bytes).
    Removing stm32f0xx_ll_exti.o(i.LL_EXTI_StructInit), (14 bytes).
    Removing stm32f0xx_ll_i2c.o(.rev16_text), (4 bytes).
    Removing stm32f0xx_ll_i2c.o(.revsh_text), (4 bytes).
    Removing stm32f0xx_ll_i2c.o(i.LL_I2C_DeInit), (44 bytes).
    Removing stm32f0xx_ll_i2c.o(i.LL_I2C_StructInit), (22 bytes).
    Removing stm32f0xx_ll_pwr.o(.rev16_text), (4 bytes).
    Removing stm32f0xx_ll_pwr.o(.revsh_text), (4 bytes).
    Removing stm32f0xx_ll_pwr.o(i.LL_PWR_DeInit), (28 bytes).
    Removing stm32f0xx_ll_tim.o(.rev16_text), (4 bytes).
    Removing stm32f0xx_ll_tim.o(.revsh_text), (4 bytes).
    Removing stm32f0xx_ll_tim.o(i.LL_TIM_BDTR_Init), (74 bytes).
    Removing stm32f0xx_ll_tim.o(i.LL_TIM_BDTR_StructInit), (18 bytes).
    Removing stm32f0xx_ll_tim.o(i.LL_TIM_DeInit), (120 bytes).
    Removing stm32f0xx_ll_tim.o(i.LL_TIM_ENCODER_Init), (96 bytes).
    Removing stm32f0xx_ll_tim.o(i.LL_TIM_ENCODER_StructInit), (28 bytes).
    Removing stm32f0xx_ll_tim.o(i.LL_TIM_HALLSENSOR_Init), (88 bytes).
    Removing stm32f0xx_ll_tim.o(i.LL_TIM_HALLSENSOR_StructInit), (12 bytes).
    Removing stm32f0xx_ll_tim.o(i.LL_TIM_IC_Init), (218 bytes).
    Removing stm32f0xx_ll_tim.o(i.LL_TIM_IC_StructInit), (14 bytes).
    Removing stm32f0xx_ll_tim.o(i.LL_TIM_OC_StructInit), (20 bytes).
    Removing stm32f0xx_ll_tim.o(i.LL_TIM_StructInit), (16 bytes).
    Removing system_stm32f0xx.o(.rev16_text), (4 bytes).
    Removing system_stm32f0xx.o(.revsh_text), (4 bytes).
    Removing system_stm32f0xx.o(i.SystemCoreClockUpdate), (120 bytes).
    Removing system_stm32f0xx.o(.constdata), (16 bytes).
    Removing system_stm32f0xx.o(.constdata), (8 bytes).

74 unused section(s) (total 3385 bytes) removed from the image.

==============================================================================

Image Symbol Table

    Local Symbols

    Symbol Name                              Value     Ov Type        Size  Object(Section)

    ../Drivers/STM32F0xx_HAL_Driver/Src/stm32f0xx_ll_adc.c 0x00000000   Number         0  stm32f0xx_ll_adc.o ABSOLUTE
    ../Drivers/STM32F0xx_HAL_Driver/Src/stm32f0xx_ll_dma.c 0x00000000   Number         0  stm32f0xx_ll_dma.o ABSOLUTE
    ../Drivers/STM32F0xx_HAL_Driver/Src/stm32f0xx_ll_exti.c 0x00000000   Number         0  stm32f0xx_ll_exti.o ABSOLUTE
    ../Drivers/STM32F0xx_HAL_Driver/Src/stm32f0xx_ll_gpio.c 0x00000000   Number         0  stm32f0xx_ll_gpio.o ABSOLUTE
    ../Drivers/STM32F0xx_HAL_Driver/Src/stm32f0xx_ll_i2c.c 0x00000000   Number         0  stm32f0xx_ll_i2c.o ABSOLUTE
    ../Drivers/STM32F0xx_HAL_Driver/Src/stm32f0xx_ll_pwr.c 0x00000000   Number         0  stm32f0xx_ll_pwr.o ABSOLUTE
    ../Drivers/STM32F0xx_HAL_Driver/Src/stm32f0xx_ll_rcc.c 0x00000000   Number         0  stm32f0xx_ll_rcc.o ABSOLUTE
    ../Drivers/STM32F0xx_HAL_Driver/Src/stm32f0xx_ll_tim.c 0x00000000   Number         0  stm32f0xx_ll_tim.o ABSOLUTE
    ../Drivers/STM32F0xx_HAL_Driver/Src/stm32f0xx_ll_utils.c 0x00000000   Number         0  stm32f0xx_ll_utils.o ABSOLUTE
    ../Src/main.c                            0x00000000   Number         0  main.o ABSOLUTE
    ../Src/stm32f0xx_it.c                    0x00000000   Number         0  stm32f0xx_it.o ABSOLUTE
    ../Src/system_stm32f0xx.c                0x00000000   Number         0  system_stm32f0xx.o ABSOLUTE
    ../clib/microlib/division.c              0x00000000   Number         0  uidiv.o ABSOLUTE
    ../clib/microlib/init/entry.s            0x00000000   Number         0  entry12b.o ABSOLUTE
    ../clib/microlib/init/entry.s            0x00000000   Number         0  entry12a.o ABSOLUTE
    ../clib/microlib/init/entry.s            0x00000000   Number         0  entry11b.o ABSOLUTE
    ../clib/microlib/init/entry.s            0x00000000   Number         0  entry11a.o ABSOLUTE
    ../clib/microlib/init/entry.s            0x00000000   Number         0  entry10a.o ABSOLUTE
    ../clib/microlib/init/entry.s            0x00000000   Number         0  entry9b.o ABSOLUTE
    ../clib/microlib/init/entry.s            0x00000000   Number         0  entry9a.o ABSOLUTE
    ../clib/microlib/init/entry.s            0x00000000   Number         0  entry8b.o ABSOLUTE
    ../clib/microlib/init/entry.s            0x00000000   Number         0  entry8a.o ABSOLUTE
    ../clib/microlib/init/entry.s            0x00000000   Number         0  entry7b.o ABSOLUTE
    ../clib/microlib/init/entry.s            0x00000000   Number         0  entry7a.o ABSOLUTE
    ../clib/microlib/init/entry.s            0x00000000   Number         0  entry10b.o ABSOLUTE
    ../clib/microlib/init/entry.s            0x00000000   Number         0  entry5.o ABSOLUTE
    ../clib/microlib/init/entry.s            0x00000000   Number         0  entry2.o ABSOLUTE
    ../clib/microlib/init/entry.s            0x00000000   Number         0  entry.o ABSOLUTE
    ../clib/microlib/string/memset.c         0x00000000   Number         0  memseta.o ABSOLUTE
    ..\Drivers\STM32F0xx_HAL_Driver\Src\stm32f0xx_ll_adc.c 0x00000000   Number         0  stm32f0xx_ll_adc.o ABSOLUTE
    ..\Drivers\STM32F0xx_HAL_Driver\Src\stm32f0xx_ll_dma.c 0x00000000   Number         0  stm32f0xx_ll_dma.o ABSOLUTE
    ..\Drivers\STM32F0xx_HAL_Driver\Src\stm32f0xx_ll_exti.c 0x00000000   Number         0  stm32f0xx_ll_exti.o ABSOLUTE
    ..\Drivers\STM32F0xx_HAL_Driver\Src\stm32f0xx_ll_gpio.c 0x00000000   Number         0  stm32f0xx_ll_gpio.o ABSOLUTE
    ..\Drivers\STM32F0xx_HAL_Driver\Src\stm32f0xx_ll_i2c.c 0x00000000   Number         0  stm32f0xx_ll_i2c.o ABSOLUTE
    ..\Drivers\STM32F0xx_HAL_Driver\Src\stm32f0xx_ll_pwr.c 0x00000000   Number         0  stm32f0xx_ll_pwr.o ABSOLUTE
    ..\Drivers\STM32F0xx_HAL_Driver\Src\stm32f0xx_ll_rcc.c 0x00000000   Number         0  stm32f0xx_ll_rcc.o ABSOLUTE
    ..\Drivers\STM32F0xx_HAL_Driver\Src\stm32f0xx_ll_tim.c 0x00000000   Number         0  stm32f0xx_ll_tim.o ABSOLUTE
    ..\Drivers\STM32F0xx_HAL_Driver\Src\stm32f0xx_ll_utils.c 0x00000000   Number         0  stm32f0xx_ll_utils.o ABSOLUTE
    ..\Src\main.c                            0x00000000   Number         0  main.o ABSOLUTE
    ..\Src\stm32f0xx_it.c                    0x00000000   Number         0  stm32f0xx_it.o ABSOLUTE
    ..\Src\system_stm32f0xx.c                0x00000000   Number         0  system_stm32f0xx.o ABSOLUTE
    dc.s                                     0x00000000   Number         0  dc.o ABSOLUTE
    handlers.s                               0x00000000   Number         0  handlers.o ABSOLUTE
    init.s                                   0x00000000   Number         0  init.o ABSOLUTE
    startup_stm32f030x6.s                    0x00000000   Number         0  startup_stm32f030x6.o ABSOLUTE
    RESET                                    0x08000000   Section      176  startup_stm32f030x6.o(RESET)
    .ARM.Collect$$$$00000000                 0x080000b0   Section        0  entry.o(.ARM.Collect$$$$00000000)
    .ARM.Collect$$$$00000001                 0x080000b0   Section        4  entry2.o(.ARM.Collect$$$$00000001)
    .ARM.Collect$$$$00000004                 0x080000b4   Section        4  entry5.o(.ARM.Collect$$$$00000004)
    .ARM.Collect$$$$00000008                 0x080000b8   Section        0  entry7b.o(.ARM.Collect$$$$00000008)
    .ARM.Collect$$$$0000000A                 0x080000b8   Section        0  entry8b.o(.ARM.Collect$$$$0000000A)
    .ARM.Collect$$$$0000000B                 0x080000b8   Section        8  entry9a.o(.ARM.Collect$$$$0000000B)
    .ARM.Collect$$$$0000000E                 0x080000c0   Section        4  entry12b.o(.ARM.Collect$$$$0000000E)
    .ARM.Collect$$$$0000000F                 0x080000c4   Section        0  entry10a.o(.ARM.Collect$$$$0000000F)
    .ARM.Collect$$$$00000011                 0x080000c4   Section        0  entry11a.o(.ARM.Collect$$$$00000011)
    .ARM.Collect$$$$00002712                 0x080000c4   Section        4  entry2.o(.ARM.Collect$$$$00002712)
    __lit__00000000                          0x080000c4   Data           4  entry2.o(.ARM.Collect$$$$00002712)
    .text                                    0x080000c8   Section       28  startup_stm32f030x6.o(.text)
    .text                                    0x080000e4   Section        0  uidiv.o(.text)
    .text                                    0x08000110   Section        0  memseta.o(.text)
    .text                                    0x08000134   Section       36  init.o(.text)
    i.HardFault_Handler                      0x08000158   Section        0  stm32f0xx_it.o(i.HardFault_Handler)
    i.LL_ADC_Init                            0x0800015c   Section        0  stm32f0xx_ll_adc.o(i.LL_ADC_Init)
    i.LL_ADC_REG_Init                        0x08000194   Section        0  stm32f0xx_ll_adc.o(i.LL_ADC_REG_Init)
    i.LL_AHB1_GRP1_EnableClock               0x080001c8   Section        0  main.o(i.LL_AHB1_GRP1_EnableClock)
    LL_AHB1_GRP1_EnableClock                 0x080001c9   Thumb Code    18  main.o(i.LL_AHB1_GRP1_EnableClock)
    i.LL_APB1_GRP1_EnableClock               0x080001e0   Section        0  main.o(i.LL_APB1_GRP1_EnableClock)
    LL_APB1_GRP1_EnableClock                 0x080001e1   Thumb Code    18  main.o(i.LL_APB1_GRP1_EnableClock)
    i.LL_APB1_GRP2_EnableClock               0x080001f8   Section        0  main.o(i.LL_APB1_GRP2_EnableClock)
    LL_APB1_GRP2_EnableClock                 0x080001f9   Thumb Code    18  main.o(i.LL_APB1_GRP2_EnableClock)
    i.LL_GPIO_Init                           0x08000210   Section        0  stm32f0xx_ll_gpio.o(i.LL_GPIO_Init)
    i.LL_I2C_Init                            0x080002be   Section        0  stm32f0xx_ll_i2c.o(i.LL_I2C_Init)
    i.LL_Init1msTick                         0x0800032c   Section        0  stm32f0xx_ll_utils.o(i.LL_Init1msTick)
    i.LL_SetSystemCoreClock                  0x0800034c   Section        0  stm32f0xx_ll_utils.o(i.LL_SetSystemCoreClock)
    i.LL_TIM_Init                            0x08000358   Section        0  stm32f0xx_ll_tim.o(i.LL_TIM_Init)
    i.LL_TIM_OC_Init                         0x080003d0   Section        0  stm32f0xx_ll_tim.o(i.LL_TIM_OC_Init)
    i.MX_ADC_Init                            0x08000470   Section        0  main.o(i.MX_ADC_Init)
    MX_ADC_Init                              0x08000471   Thumb Code   350  main.o(i.MX_ADC_Init)
    i.MX_I2C1_Init                           0x080005d4   Section        0  main.o(i.MX_I2C1_Init)
    MX_I2C1_Init                             0x080005d5   Thumb Code   160  main.o(i.MX_I2C1_Init)
    i.MX_TIM14_Init                          0x08000680   Section        0  main.o(i.MX_TIM14_Init)
    MX_TIM14_Init                            0x08000681   Thumb Code   158  main.o(i.MX_TIM14_Init)
    i.NMI_Handler                            0x0800072c   Section        0  stm32f0xx_it.o(i.NMI_Handler)
    i.OC1Config                              0x08000730   Section        0  stm32f0xx_ll_tim.o(i.OC1Config)
    OC1Config                                0x08000731   Thumb Code   118  stm32f0xx_ll_tim.o(i.OC1Config)
    i.OC2Config                              0x080007b4   Section        0  stm32f0xx_ll_tim.o(i.OC2Config)
    OC2Config                                0x080007b5   Thumb Code   122  stm32f0xx_ll_tim.o(i.OC2Config)
    i.OC3Config                              0x0800083c   Section        0  stm32f0xx_ll_tim.o(i.OC3Config)
    OC3Config                                0x0800083d   Thumb Code   128  stm32f0xx_ll_tim.o(i.OC3Config)
    i.PendSV_Handler                         0x080008c8   Section        0  stm32f0xx_it.o(i.PendSV_Handler)
    i.SVC_Handler                            0x080008ca   Section        0  stm32f0xx_it.o(i.SVC_Handler)
    i.SysTick_Handler                        0x080008cc   Section        0  stm32f0xx_it.o(i.SysTick_Handler)
    i.SystemClock_Config                     0x080008d0   Section        0  main.o(i.SystemClock_Config)
    i.SystemInit                             0x0800098c   Section        0  system_stm32f0xx.o(i.SystemInit)
    i.__scatterload_copy                     0x0800098e   Section       14  handlers.o(i.__scatterload_copy)
    i.__scatterload_null                     0x0800099c   Section        2  handlers.o(i.__scatterload_null)
    i.__scatterload_zeroinit                 0x0800099e   Section       14  handlers.o(i.__scatterload_zeroinit)
    i.main                                   0x080009ac   Section        0  main.o(i.main)
    .constdata                               0x080009e4   Section       14  main.o(.constdata)
    OFFSET_TAB_CCMRx                         0x080009e4   Data           7  main.o(.constdata)
    SHIFT_TAB_OCxx                           0x080009eb   Data           7  main.o(.constdata)
    .data                                    0x20000000   Section        4  system_stm32f0xx.o(.data)
    STACK                                    0x20000008   Section     1024  startup_stm32f030x6.o(STACK)

    Global Symbols

    Symbol Name                              Value     Ov Type        Size  Object(Section)

    BuildAttributes$$THM_ISAv3M$S$PE$A:L22$X:L11$S22$IEEE1$IW$USESV6$~STKCKD$USESV7$~SHL$OSPACE$EBA8$MICROLIB$REQ8$PRES8$EABIv2 0x00000000   Number         0  anon$$obj.o ABSOLUTE
    __ARM_use_no_argv                        0x00000000   Number         0  main.o ABSOLUTE
    __arm_fini_                               - Undefined Weak Reference
    __cpp_initialize__aeabi_                  - Undefined Weak Reference
    __cxa_finalize                            - Undefined Weak Reference
    __decompress                              - Undefined Weak Reference
    _clock_init                               - Undefined Weak Reference
    _microlib_exit                            - Undefined Weak Reference
    __Vectors_Size                           0x000000b0   Number         0  startup_stm32f030x6.o ABSOLUTE
    __Vectors                                0x08000000   Data           4  startup_stm32f030x6.o(RESET)
    __Vectors_End                            0x080000b0   Data           0  startup_stm32f030x6.o(RESET)
    __main                                   0x080000b1   Thumb Code     0  entry.o(.ARM.Collect$$$$00000000)
    _main_stk                                0x080000b1   Thumb Code     0  entry2.o(.ARM.Collect$$$$00000001)
    _main_scatterload                        0x080000b5   Thumb Code     0  entry5.o(.ARM.Collect$$$$00000004)
    __main_after_scatterload                 0x080000b9   Thumb Code     0  entry5.o(.ARM.Collect$$$$00000004)
    _main_clock                              0x080000b9   Thumb Code     0  entry7b.o(.ARM.Collect$$$$00000008)
    _main_cpp_init                           0x080000b9   Thumb Code     0  entry8b.o(.ARM.Collect$$$$0000000A)
    _main_init                               0x080000b9   Thumb Code     0  entry9a.o(.ARM.Collect$$$$0000000B)
    __rt_lib_shutdown_fini                   0x080000c1   Thumb Code     0  entry12b.o(.ARM.Collect$$$$0000000E)
    __rt_final_cpp                           0x080000c5   Thumb Code     0  entry10a.o(.ARM.Collect$$$$0000000F)
    __rt_final_exit                          0x080000c5   Thumb Code     0  entry11a.o(.ARM.Collect$$$$00000011)
    Reset_Handler                            0x080000c9   Thumb Code     8  startup_stm32f030x6.o(.text)
    ADC1_IRQHandler                          0x080000db   Thumb Code     0  startup_stm32f030x6.o(.text)
    DMA1_Channel1_IRQHandler                 0x080000db   Thumb Code     0  startup_stm32f030x6.o(.text)
    DMA1_Channel2_3_IRQHandler               0x080000db   Thumb Code     0  startup_stm32f030x6.o(.text)
    DMA1_Channel4_5_IRQHandler               0x080000db   Thumb Code     0  startup_stm32f030x6.o(.text)
    EXTI0_1_IRQHandler                       0x080000db   Thumb Code     0  startup_stm32f030x6.o(.text)
    EXTI2_3_IRQHandler                       0x080000db   Thumb Code     0  startup_stm32f030x6.o(.text)
    EXTI4_15_IRQHandler                      0x080000db   Thumb Code     0  startup_stm32f030x6.o(.text)
    FLASH_IRQHandler                         0x080000db   Thumb Code     0  startup_stm32f030x6.o(.text)
    I2C1_IRQHandler                          0x080000db   Thumb Code     0  startup_stm32f030x6.o(.text)
    RCC_IRQHandler                           0x080000db   Thumb Code     0  startup_stm32f030x6.o(.text)
    RTC_IRQHandler                           0x080000db   Thumb Code     0  startup_stm32f030x6.o(.text)
    SPI1_IRQHandler                          0x080000db   Thumb Code     0  startup_stm32f030x6.o(.text)
    TIM14_IRQHandler                         0x080000db   Thumb Code     0  startup_stm32f030x6.o(.text)
    TIM16_IRQHandler                         0x080000db   Thumb Code     0  startup_stm32f030x6.o(.text)
    TIM17_IRQHandler                         0x080000db   Thumb Code     0  startup_stm32f030x6.o(.text)
    TIM1_BRK_UP_TRG_COM_IRQHandler           0x080000db   Thumb Code     0  startup_stm32f030x6.o(.text)
    TIM1_CC_IRQHandler                       0x080000db   Thumb Code     0  startup_stm32f030x6.o(.text)
    TIM3_IRQHandler                          0x080000db   Thumb Code     0  startup_stm32f030x6.o(.text)
    USART1_IRQHandler                        0x080000db   Thumb Code     0  startup_stm32f030x6.o(.text)
    WWDG_IRQHandler                          0x080000db   Thumb Code     0  startup_stm32f030x6.o(.text)
    __aeabi_uidiv                            0x080000e5   Thumb Code     0  uidiv.o(.text)
    __aeabi_uidivmod                         0x080000e5   Thumb Code    44  uidiv.o(.text)
    __aeabi_memset                           0x08000111   Thumb Code    14  memseta.o(.text)
    __aeabi_memset4                          0x08000111   Thumb Code     0  memseta.o(.text)
    __aeabi_memset8                          0x08000111   Thumb Code     0  memseta.o(.text)
    __aeabi_memclr                           0x0800011f   Thumb Code     4  memseta.o(.text)
    __aeabi_memclr4                          0x0800011f   Thumb Code     0  memseta.o(.text)
    __aeabi_memclr8                          0x0800011f   Thumb Code     0  memseta.o(.text)
    _memset$wrapper                          0x08000123   Thumb Code    18  memseta.o(.text)
    __scatterload                            0x08000135   Thumb Code    28  init.o(.text)
    __scatterload_rt2                        0x08000135   Thumb Code     0  init.o(.text)
    HardFault_Handler                        0x08000159   Thumb Code     2  stm32f0xx_it.o(i.HardFault_Handler)
    LL_ADC_Init                              0x0800015d   Thumb Code    52  stm32f0xx_ll_adc.o(i.LL_ADC_Init)
    LL_ADC_REG_Init                          0x08000195   Thumb Code    46  stm32f0xx_ll_adc.o(i.LL_ADC_REG_Init)
    LL_GPIO_Init                             0x08000211   Thumb Code   174  stm32f0xx_ll_gpio.o(i.LL_GPIO_Init)
    LL_I2C_Init                              0x080002bf   Thumb Code   108  stm32f0xx_ll_i2c.o(i.LL_I2C_Init)
    LL_Init1msTick                           0x0800032d   Thumb Code    26  stm32f0xx_ll_utils.o(i.LL_Init1msTick)
    LL_SetSystemCoreClock                    0x0800034d   Thumb Code     6  stm32f0xx_ll_utils.o(i.LL_SetSystemCoreClock)
    LL_TIM_Init                              0x08000359   Thumb Code    98  stm32f0xx_ll_tim.o(i.LL_TIM_Init)
    LL_TIM_OC_Init                           0x080003d1   Thumb Code   146  stm32f0xx_ll_tim.o(i.LL_TIM_OC_Init)
    NMI_Handler                              0x0800072d   Thumb Code     2  stm32f0xx_it.o(i.NMI_Handler)
    PendSV_Handler                           0x080008c9   Thumb Code     2  stm32f0xx_it.o(i.PendSV_Handler)
    SVC_Handler                              0x080008cb   Thumb Code     2  stm32f0xx_it.o(i.SVC_Handler)
    SysTick_Handler                          0x080008cd   Thumb Code     2  stm32f0xx_it.o(i.SysTick_Handler)
    SystemClock_Config                       0x080008d1   Thumb Code   176  main.o(i.SystemClock_Config)
    SystemInit                               0x0800098d   Thumb Code     2  system_stm32f0xx.o(i.SystemInit)
    __scatterload_copy                       0x0800098f   Thumb Code    14  handlers.o(i.__scatterload_copy)
    __scatterload_null                       0x0800099d   Thumb Code     2  handlers.o(i.__scatterload_null)
    __scatterload_zeroinit                   0x0800099f   Thumb Code    14  handlers.o(i.__scatterload_zeroinit)
    main                                     0x080009ad   Thumb Code    56  main.o(i.main)
    Region$$Table$$Base                      0x080009f4   Number         0  anon$$obj.o(Region$$Table)
    Region$$Table$$Limit                     0x08000a14   Number         0  anon$$obj.o(Region$$Table)
    SystemCoreClock                          0x20000000   Data           4  system_stm32f0xx.o(.data)
    __initial_sp                             0x20000408   Data           0  startup_stm32f030x6.o(STACK)



==============================================================================

Memory Map of the image

  Image Entry point : 0x080000b1

  Load Region LR_IROM1 (Base: 0x08000000, Size: 0x00000a18, Max: 0x00004000, ABSOLUTE)

    Execution Region ER_IROM1 (Exec base: 0x08000000, Load base: 0x08000000, Size: 0x00000a14, Max: 0x00004000, ABSOLUTE)

    Exec Addr    Load Addr    Size         Type   Attr      Idx    E Section Name        Object

    0x08000000   0x08000000   0x000000b0   Data   RO            3    RESET               startup_stm32f030x6.o
    0x080000b0   0x080000b0   0x00000000   Code   RO          726  * .ARM.Collect$$$$00000000  mc_p.l(entry.o)
    0x080000b0   0x080000b0   0x00000004   Code   RO          733    .ARM.Collect$$$$00000001  mc_p.l(entry2.o)
    0x080000b4   0x080000b4   0x00000004   Code   RO          736    .ARM.Collect$$$$00000004  mc_p.l(entry5.o)
    0x080000b8   0x080000b8   0x00000000   Code   RO          738    .ARM.Collect$$$$00000008  mc_p.l(entry7b.o)
    0x080000b8   0x080000b8   0x00000000   Code   RO          740    .ARM.Collect$$$$0000000A  mc_p.l(entry8b.o)
    0x080000b8   0x080000b8   0x00000008   Code   RO          741    .ARM.Collect$$$$0000000B  mc_p.l(entry9a.o)
    0x080000c0   0x080000c0   0x00000004   Code   RO          748    .ARM.Collect$$$$0000000E  mc_p.l(entry12b.o)
    0x080000c4   0x080000c4   0x00000000   Code   RO          743    .ARM.Collect$$$$0000000F  mc_p.l(entry10a.o)
    0x080000c4   0x080000c4   0x00000000   Code   RO          745    .ARM.Collect$$$$00000011  mc_p.l(entry11a.o)
    0x080000c4   0x080000c4   0x00000004   Code   RO          734    .ARM.Collect$$$$00002712  mc_p.l(entry2.o)
    0x080000c8   0x080000c8   0x0000001c   Code   RO            4    .text               startup_stm32f030x6.o
    0x080000e4   0x080000e4   0x0000002c   Code   RO          729    .text               mc_p.l(uidiv.o)
    0x08000110   0x08000110   0x00000024   Code   RO          731    .text               mc_p.l(memseta.o)
    0x08000134   0x08000134   0x00000024   Code   RO          749    .text               mc_p.l(init.o)
    0x08000158   0x08000158   0x00000002   Code   RO          144    i.HardFault_Handler  stm32f0xx_it.o
    0x0800015a   0x0800015a   0x00000002   PAD
    0x0800015c   0x0800015c   0x00000038   Code   RO          259    i.LL_ADC_Init       stm32f0xx_ll_adc.o
    0x08000194   0x08000194   0x00000034   Code   RO          260    i.LL_ADC_REG_Init   stm32f0xx_ll_adc.o
    0x080001c8   0x080001c8   0x00000018   Code   RO           13    i.LL_AHB1_GRP1_EnableClock  main.o
    0x080001e0   0x080001e0   0x00000018   Code   RO           14    i.LL_APB1_GRP1_EnableClock  main.o
    0x080001f8   0x080001f8   0x00000018   Code   RO           15    i.LL_APB1_GRP2_EnableClock  main.o
    0x08000210   0x08000210   0x000000ae   Code   RO          212    i.LL_GPIO_Init      stm32f0xx_ll_gpio.o
    0x080002be   0x080002be   0x0000006c   Code   RO          524    i.LL_I2C_Init       stm32f0xx_ll_i2c.o
    0x0800032a   0x0800032a   0x00000002   PAD
    0x0800032c   0x0800032c   0x00000020   Code   RO          413    i.LL_Init1msTick    stm32f0xx_ll_utils.o
    0x0800034c   0x0800034c   0x0000000c   Code   RO          417    i.LL_SetSystemCoreClock  stm32f0xx_ll_utils.o
    0x08000358   0x08000358   0x00000078   Code   RO          590    i.LL_TIM_Init       stm32f0xx_ll_tim.o
    0x080003d0   0x080003d0   0x000000a0   Code   RO          591    i.LL_TIM_OC_Init    stm32f0xx_ll_tim.o
    0x08000470   0x08000470   0x00000164   Code   RO           16    i.MX_ADC_Init       main.o
    0x080005d4   0x080005d4   0x000000ac   Code   RO           17    i.MX_I2C1_Init      main.o
    0x08000680   0x08000680   0x000000ac   Code   RO           18    i.MX_TIM14_Init     main.o
    0x0800072c   0x0800072c   0x00000002   Code   RO          145    i.NMI_Handler       stm32f0xx_it.o
    0x0800072e   0x0800072e   0x00000002   PAD
    0x08000730   0x08000730   0x00000084   Code   RO          594    i.OC1Config         stm32f0xx_ll_tim.o
    0x080007b4   0x080007b4   0x00000088   Code   RO          595    i.OC2Config         stm32f0xx_ll_tim.o
    0x0800083c   0x0800083c   0x0000008c   Code   RO          596    i.OC3Config         stm32f0xx_ll_tim.o
    0x080008c8   0x080008c8   0x00000002   Code   RO          146    i.PendSV_Handler    stm32f0xx_it.o
    0x080008ca   0x080008ca   0x00000002   Code   RO          147    i.SVC_Handler       stm32f0xx_it.o
    0x080008cc   0x080008cc   0x00000002   Code   RO          148    i.SysTick_Handler   stm32f0xx_it.o
    0x080008ce   0x080008ce   0x00000002   PAD
    0x080008d0   0x080008d0   0x000000bc   Code   RO           19    i.SystemClock_Config  main.o
    0x0800098c   0x0800098c   0x00000002   Code   RO          695    i.SystemInit        system_stm32f0xx.o
    0x0800098e   0x0800098e   0x0000000e   Code   RO          753    i.__scatterload_copy  mc_p.l(handlers.o)
    0x0800099c   0x0800099c   0x00000002   Code   RO          754    i.__scatterload_null  mc_p.l(handlers.o)
    0x0800099e   0x0800099e   0x0000000e   Code   RO          755    i.__scatterload_zeroinit  mc_p.l(handlers.o)
    0x080009ac   0x080009ac   0x00000038   Code   RO           20    i.main              main.o
    0x080009e4   0x080009e4   0x0000000e   Data   RO           21    .constdata          main.o
    0x080009f2   0x080009f2   0x00000002   PAD
    0x080009f4   0x080009f4   0x00000020   Data   RO          751    Region$$Table       anon$$obj.o


    Execution Region RW_IRAM1 (Exec base: 0x20000000, Load base: 0x08000a14, Size: 0x00000408, Max: 0x00001000, ABSOLUTE)

    Exec Addr    Load Addr    Size         Type   Attr      Idx    E Section Name        Object

    0x20000000   0x08000a14   0x00000004   Data   RW          698    .data               system_stm32f0xx.o
    0x20000004   0x08000a18   0x00000004   PAD
    0x20000008        -       0x00000400   Zero   RW            1    STACK               startup_stm32f030x6.o


==============================================================================

Image component sizes


      Code (inc. data)   RO Data    RW Data    ZI Data      Debug   Object Name

      1016         62         14          0          0     267256   main.o
        28          8        176          0       1024        644   startup_stm32f030x6.o
        10          0          0          0          0       2131   stm32f0xx_it.o
       108         10          0          0          0      26596   stm32f0xx_ll_adc.o
       174          0          0          0          0       6763   stm32f0xx_ll_gpio.o
       108          0          0          0          0      14398   stm32f0xx_ll_i2c.o
       688         76          0          0          0      33955   stm32f0xx_ll_tim.o
        44         12          0          0          0       5405   stm32f0xx_ll_utils.o
         2          0          0          4          0       1167   system_stm32f0xx.o

    ----------------------------------------------------------------------
      2186        168        224          4       1028     358315   Object Totals
         0          0         32          0          0          0   (incl. Generated)
         8          0          2          0          4          0   (incl. Padding)

    ----------------------------------------------------------------------

      Code (inc. data)   RO Data    RW Data    ZI Data      Debug   Library Member Name

         0          0          0          0          0          0   entry.o
         0          0          0          0          0          0   entry10a.o
         0          0          0          0          0          0   entry11a.o
         4          0          0          0          0          0   entry12b.o
         8          4          0          0          0          0   entry2.o
         4          0          0          0          0          0   entry5.o
         0          0          0          0          0          0   entry7b.o
         0          0          0          0          0          0   entry8b.o
         8          4          0          0          0          0   entry9a.o
        30          0          0          0          0          0   handlers.o
        36          8          0          0          0         68   init.o
        36          0          0          0          0        100   memseta.o
        44          0          0          0          0         72   uidiv.o

    ----------------------------------------------------------------------
       170         16          0          0          0        240   Library Totals
         0          0          0          0          0          0   (incl. Padding)

    ----------------------------------------------------------------------

      Code (inc. data)   RO Data    RW Data    ZI Data      Debug   Library Name

       170         16          0          0          0        240   mc_p.l

    ----------------------------------------------------------------------
       170         16          0          0          0        240   Library Totals

    ----------------------------------------------------------------------

==============================================================================


      Code (inc. data)   RO Data    RW Data    ZI Data      Debug   

      2356        184        224          4       1028     357695   Grand Totals
      2356        184        224          4       1028     357695   ELF Image Totals
      2356        184        224          4          0          0   ROM Totals

==============================================================================

    Total RO  Size (Code + RO Data)                 2580 (   2.52kB)
    Total RW  Size (RW Data + ZI Data)              1032 (   1.01kB)
    Total ROM Size (Code + RO Data + RW Data)       2584 (   2.52kB)

==============================================================================

