<html>
<body>
<pre>
<h1>µVision Build Log</h1>
<h2>Tool Versions:</h2>
IDE-Version: µVision V5.32.0.0
Copyright (C) 2020 ARM Ltd and ARM Germany GmbH. All rights reserved.
License Information: Uladzislau Dubatouka, BNTU, LIC=----
 
Tool Versions:
Toolchain:       MDK-Lite  Version: 5.32.0.0
Toolchain Path:  C:\User Programs\Keil\ARM\ARMCC\Bin
C Compiler:      Armcc.exe V5.06 update 7 (build 960)
Assembler:       Armasm.exe V5.06 update 7 (build 960)
Linker/Locator:  ArmLink.exe V5.06 update 7 (build 960)
Library Manager: ArmAr.exe V5.06 update 7 (build 960)
Hex Converter:   FromElf.exe V5.06 update 7 (build 960)
CPU DLL:         SARMCM3.DLL V5.32.0.0
Dialog DLL:      DARMCM1.DLL V1.19.4.0
Target DLL:      STLink\ST-LINKIII-KEIL_SWO.dll V3.0.8.0
Dialog DLL:      TARMCM1.DLL V1.14.3.0
 
<h2>Project:</h2>
D:\Documents\Workspace\Line Follower Robot\Program_Linelance\Linelance_linefollower.uvprojx
Project File Date:  02/01/2021

<h2>Output:</h2>
*** Using Compiler 'V5.06 update 7 (build 960)', folder: 'C:\User Programs\Keil\ARM\ARMCC\Bin'
Build target 'Linelance_linefollower'
compiling main.c...
Code\src\main.c(26): warning:  #550-D: variable "error_sum"  was set but never used
  		float error_sum = 0.0;						// Sum of errors in history.
Code\src\main.c(27): warning:  #177-D: variable "P"  was declared but never referenced
  		float P = 0.0;
Code\src\main.c(28): warning:  #177-D: variable "I"  was declared but never referenced
  		float I = 0.0;
Code\src\main.c(29): warning:  #177-D: variable "D"  was declared but never referenced
  		float D = 0.0;
Code\src\main.c(30): warning:  #177-D: variable "PID_total_correction"  was declared but never referenced
  		float PID_total_correction = 0.0;      		// Sum of P, I, D.
Code\src\main.c(31): warning:  #177-D: variable "left_motor_speed"  was declared but never referenced
  		int16_t left_motor_speed = 0;
Code\src\main.c(32): warning:  #177-D: variable "right_motor_speed"  was declared but never referenced
  		int16_t right_motor_speed = 0;
Code\src\main.c(34): warning:  #177-D: variable "usart_message"  was declared but never referenced
  		char usart_message[10];
Code\src\main.c: 8 warnings, 0 errors
compiling InitADC.c...
linking...
Program Size: Code=8564 RO-data=484 RW-data=8 ZI-data=1632  
FromELF: creating hex file...
".\Objects\Linelance_linefollower.axf" - 0 Error(s), 8 Warning(s).

<h2>Software Packages used:</h2>

Package Vendor: Keil
                http://www.keil.com/pack/Keil.STM32F0xx_DFP.2.1.0.pack
                Keil.STM32F0xx_DFP.2.1.0
                STMicroelectronics STM32F0 Series Device Support, Drivers and Examples

<h2>Collection of Component include folders:</h2>
  C:\Users\Uladzislau Dubatouka\AppData\Local\Arm\Packs\Keil\STM32F0xx_DFP\2.1.0\Drivers\CMSIS\Device\ST\STM32F0xx\Include

<h2>Collection of Component Files used:</h2>
Build Time Elapsed:  00:00:01
</pre>
</body>
</html>
